TAP version 13
# Subtest: missing Docker stays read-only and supplies offline viewer/recovery instructions
ok 1 - missing Docker stays read-only and supplies offline viewer/recovery instructions
  ---
  duration_ms: 2.7322
  type: 'test'
  ...
# Subtest: Windows container mode is blocked before engine requests
ok 2 - Windows container mode is blocked before engine requests
  ---
  duration_ms: 0.224
  type: 'test'
  ...
# Subtest: foreign workspace is never started, stopped or contacted
ok 3 - foreign workspace is never started, stopped or contacted
  ---
  duration_ms: 0.3747
  type: 'test'
  ...
# Subtest: authenticated current workspace is ready; token is used only in the request
ok 4 - authenticated current workspace is ready; token is used only in the request
  ---
  duration_ms: 1.2381
  type: 'test'
  ...
# Subtest: an authentication mismatch is reported without leaking session data
ok 5 - an authentication mismatch is reported without leaking session data
  ---
  duration_ms: 0.2818
  type: 'test'
  ...
# Subtest: unsafe or malformed persisted URLs are never fetched
ok 6 - unsafe or malformed persisted URLs are never fetched
  ---
  duration_ms: 0.3912
  type: 'test'
  ...
# Subtest: mount matching respects Unix case and Docker Desktop Windows drive paths
ok 7 - mount matching respects Unix case and Docker Desktop Windows drive paths
  ---
  duration_ms: 0.1211
  type: 'test'
  ...
# Subtest: Finder launch finds Apple Silicon Docker without a shell and preserves credential helper PATH
ok 8 - Finder launch finds Apple Silicon Docker without a shell and preserves credential helper PATH
  ---
  duration_ms: 0.3449
  type: 'test'
  ...
# Subtest: Finder discovery handles Desktop and user CLI locations, preserves paths with spaces
ok 9 - Finder discovery handles Desktop and user CLI locations, preserves paths with spaces
  ---
  duration_ms: 0.2556
  type: 'test'
  ...
# Subtest: explicit Docker path never falls back, relative paths are rejected, missing CLI remains actionable
ok 10 - explicit Docker path never falls back, relative paths are rejected, missing CLI remains actionable
  ---
  duration_ms: 0.6032
  type: 'test'
  ...
# Subtest: Windows uses its normal CLI lookup and supplied environment
ok 11 - Windows uses its normal CLI lookup and supplied environment
  ---
  duration_ms: 0.1047
  type: 'test'
  ...
# Subtest: read-only app resources seed user data; later app replacement preserves edits and adds new samples
ok 12 - read-only app resources seed user data; later app replacement preserves edits and adds new samples
  ---
  duration_ms: 39.6585
  type: 'test'
  ...
# Subtest: Mac menus have native quit/edit/window roles and circuit commands reach the renderer
ok 13 - Mac menus have native quit/edit/window roles and circuit commands reach the renderer
  ---
  duration_ms: 0.2671
  type: 'test'
  ...
# Subtest: only release development packages reuse a checkout; an installed app under that checkout seeds its own user data
ok 14 - only release development packages reuse a checkout; an installed app under that checkout seeds its own user data
  ---
  duration_ms: 17.6924
  type: 'test'
  ...
1..14
# tests 14
# suites 0
# pass 14
# fail 0
# cancelled 0
# skipped 0
# todo 0
# duration_ms 79.1106
